2024-09-25 14:38:44,330 - logger_a_path: NILM_and_DRL_based_EMS/NILM_model/NILM_efficiency/Results/90/logger.log
2024-09-25 14:38:44,330 - Load_path: NILM_and_DRL_based_EMS/NILM_model/NILM_efficiency/Databases/Total_Power_all_efficiencies_15_min.csv
2024-09-25 14:38:44,330 - Irradiance_path: NILM_and_DRL_based_EMS/NILM_model/NILM_efficiency/Typhoon_Inputs/Inputs_and_others_15_min_resolution.csv
2024-09-25 14:38:44,331 - model_path: docs/Typhoon/Faster/faster_Hybrid-inverter_VARTAPulseneo_Digital_twin_Real.tse
2024-09-25 14:38:44,331 - Initial_battery_SOC: 50
2024-09-25 14:38:44,331 - Control_Mode: 1
2024-09-25 14:38:44,331 - Max_SOC: 100
2024-09-25 14:38:44,331 - Min_SOC: 0
2024-09-25 14:38:44,332 - capture_rate: 900
2024-09-25 14:38:44,332 - Folder_name: NILM_and_DRL_based_EMS/NILM_model/NILM_efficiency/Results/90
2024-09-25 14:38:44,332 - Column_Load: Total_Power_90
2024-09-25 14:38:44,332 - Column_Irradiance: Irradiance
2024-09-25 14:38:44,333 - Loop_step_time: 0.9803333333333333
2024-09-25 14:38:44,334 - NILM_efficiency: 90
2024-09-25 14:38:54,572 - HIL402 2 device is used
2024-09-25 14:40:10,043 - Simulation of the model has started.
2024-09-25 14:40:10,049 - Test : 90
2024-09-25 14:40:10,049 - test_time : 96
2024-09-25 14:40:10,049 - It will take approximately 96 seconds for the test NILM_efficiency to finish
2024-09-25 14:40:12,068 - Capture has started
2024-09-25 14:40:12,101 - Actual testing has started
2024-09-25 14:41:48,089 - Loop Ended
2024-09-25 14:41:53,432 - Test has finished
