2024-09-25 16:02:11,187 - logger_a_path: NILM_and_DRL_based_EMS/NILM_model/NILM_efficiency/Results/Actual/logger.log
2024-09-25 16:02:11,187 - Load_path: NILM_and_DRL_based_EMS/NILM_model/NILM_efficiency/Databases/Load_Profile_actual_15_min.csv
2024-09-25 16:02:11,187 - Irradiance_path: NILM_and_DRL_based_EMS/NILM_model/NILM_efficiency/Typhoon_Inputs/Inputs_and_others_15_min_resolution.csv
2024-09-25 16:02:11,188 - model_path: docs/Typhoon/Faster/faster_Hybrid-inverter_VARTAPulseneo_Digital_twin_Real.tse
2024-09-25 16:02:11,188 - Initial_battery_SOC: 50
2024-09-25 16:02:11,188 - Control_Mode: 1
2024-09-25 16:02:11,190 - Max_SOC: 100
2024-09-25 16:02:11,190 - Min_SOC: 0
2024-09-25 16:02:11,190 - capture_rate: 900
2024-09-25 16:02:11,191 - Folder_name: NILM_and_DRL_based_EMS/NILM_model/NILM_efficiency/Results/Actual
2024-09-25 16:02:11,191 - Column_Load: Total_Power
2024-09-25 16:02:11,191 - Column_Irradiance: Irradiance
2024-09-25 16:02:11,191 - Loop_step_time: 0.9803333333333333
2024-09-25 16:02:11,191 - NILM_efficiency: Actual
2024-09-25 16:02:23,955 - HIL402 2 device is used
2024-09-25 16:03:37,159 - Simulation of the model has started.
2024-09-25 16:03:37,165 - Test : Actual
2024-09-25 16:03:37,165 - test_time : 96
2024-09-25 16:03:37,165 - It will take approximately 96 seconds for the test NILM_efficiency to finish
2024-09-25 16:03:39,187 - Capture has started
2024-09-25 16:03:39,218 - Actual testing has started
2024-09-25 16:05:15,299 - Loop Ended
2024-09-25 16:05:20,425 - Test has finished
