2024-11-29 17:43:21,279 - logger_a_path: Grid_Stability/Voltages_Results/5MVA/Actual/Autumn/logger.log
2024-11-29 17:43:21,279 - Load_path: Grid_Stability/Database/5MVA/Autumn/Residual_load.csv
2024-11-29 17:43:21,280 - model_path: docs/Typhoon/Faster/Residual_load_typhoon.tse
2024-11-29 17:43:21,280 - capture_rate: 900
2024-11-29 17:43:21,280 - Folder_name: Grid_Stability/Voltages_Results/5MVA/Actual/Autumn/
2024-11-29 17:43:21,280 - Column_Load: Residual_Actual
2024-11-29 17:43:21,281 - Loop_step_time: 0.9800208333333332
2024-11-29 17:43:23,624 - HIL402 2 device is used
2024-11-29 17:43:52,133 - Simulation of the model has started.
2024-11-29 17:43:52,137 - Test : Grid_Stability
2024-11-29 17:43:52,138 - test_time : 96
2024-11-29 17:43:52,138 - It will take approximately 96 seconds for the test Grid_Stability to finish
2024-11-29 17:43:54,156 - Capture has started
2024-11-29 17:43:54,176 - Actual testing has started
2024-11-29 17:45:30,207 - Loop Ended
2024-11-29 17:45:31,871 - Test has finished
2024-11-29 17:45:31,873 - logger_b_path: Grid_Stability/Voltages_Results/5MVA/Optimized/Autumn/logger.log
2024-11-29 17:45:31,873 - Load_path: Grid_Stability/Database/5MVA/Autumn/Residual_load.csv
2024-11-29 17:45:31,874 - model_path: docs/Typhoon/Faster/Residual_load_typhoon.tse
2024-11-29 17:45:31,874 - capture_rate: 900
2024-11-29 17:45:31,874 - Folder_name: Grid_Stability/Voltages_Results/5MVA/Optimized/Autumn/
2024-11-29 17:45:31,875 - Column_Load: Residual_Optimized
2024-11-29 17:45:31,875 - Loop_step_time: 0.9800208333333332
2024-11-29 17:45:34,181 - HIL402 2 device is used
2024-11-29 17:46:00,292 - Simulation of the model has started.
2024-11-29 17:46:00,295 - Test : Grid_Stability
2024-11-29 17:46:00,295 - test_time : 96
2024-11-29 17:46:00,296 - It will take approximately 96 seconds for the test Grid_Stability to finish
2024-11-29 17:46:02,317 - Capture has started
2024-11-29 17:46:02,331 - Actual testing has started
2024-11-29 17:47:38,372 - Loop Ended
2024-11-29 17:47:40,081 - Test has finished
