2024-12-02 12:30:26,356 - logger_b_path: Grid_Stability/Voltages_Results/Average_day/0.2MVA/Optimized/logger.log
2024-12-02 12:30:26,356 - Load_path: Grid_Stability/Database/Average_day/0.2MVA/Residual_load.csv
2024-12-02 12:30:26,356 - model_path: docs/Typhoon/Faster/Residual_load_typhoon.tse
2024-12-02 12:30:26,356 - capture_rate: 900
2024-12-02 12:30:26,358 - Folder_name: Grid_Stability/Voltages_Results/Average_day/0.2MVA/Optimized/
2024-12-02 12:30:26,358 - Column_Load: Residual_Optimized
2024-12-02 12:30:26,358 - Loop_step_time: 0.9800208333333332
2024-12-02 12:30:28,533 - HIL402 2 device is used
2024-12-02 12:30:57,517 - Simulation of the model has started.
2024-12-02 12:30:57,519 - Test : Grid_Stability
2024-12-02 12:30:57,520 - test_time : 96
2024-12-02 12:30:57,520 - It will take approximately 96 seconds for the test Grid_Stability to finish
2024-12-02 12:30:59,539 - Capture has started
2024-12-02 12:30:59,554 - Actual testing has started
2024-12-02 12:32:35,499 - Loop Ended
2024-12-02 12:32:37,215 - Test has finished
2024-12-02 12:42:17,922 - logger_b_path: Grid_Stability/Voltages_Results/Average_day/0.2MVA/Optimized/logger.log
2024-12-02 12:42:17,922 - Load_path: Grid_Stability/Database/Average_day/5MVA/Residual_load.csv
2024-12-02 12:42:17,922 - model_path: docs/Typhoon/Faster/Residual_load_typhoon.tse
2024-12-02 12:42:17,922 - capture_rate: 900
2024-12-02 12:42:17,923 - Folder_name: Grid_Stability/Voltages_Results/Average_day/0.2MVA/Optimized/
2024-12-02 12:42:17,923 - Column_Load: Residual_Optimized
2024-12-02 12:42:17,923 - Loop_step_time: 0.9800208333333332
2024-12-02 12:42:20,145 - HIL402 2 device is used
2024-12-02 12:42:46,823 - Simulation of the model has started.
2024-12-02 12:42:46,825 - Test : Grid_Stability
2024-12-02 12:42:46,826 - test_time : 96
2024-12-02 12:42:46,826 - It will take approximately 96 seconds for the test Grid_Stability to finish
2024-12-02 12:42:48,845 - Capture has started
2024-12-02 12:42:48,860 - Actual testing has started
2024-12-02 12:44:24,842 - Loop Ended
2024-12-02 12:44:26,560 - Test has finished
2024-12-05 11:34:17,166 - logger_b_path: Grid_Stability/Voltages_Results/Average_day/0.2MVA/Optimized/logger.log
2024-12-05 11:34:17,166 - Load_path: Grid_Stability/Database/Average_day/5MVA/Residual_load.csv
2024-12-05 11:34:17,167 - model_path: docs/Typhoon/Faster/Residual_load_typhoon.tse
2024-12-05 11:34:17,167 - capture_rate: 900
2024-12-05 11:34:17,167 - Folder_name: Grid_Stability/Voltages_Results/Average_day/0.2MVA/Optimized/
2024-12-05 11:34:17,167 - Column_Load: Residual_Optimized
2024-12-05 11:34:17,168 - Loop_step_time: 0.9800208333333332
2024-12-05 11:34:19,362 - HIL402 2 device is used
2024-12-05 11:34:45,089 - Simulation of the model has started.
2024-12-05 11:34:45,092 - Test : Grid_Stability
2024-12-05 11:34:45,092 - test_time : 96
2024-12-05 11:34:45,092 - It will take approximately 96 seconds for the test Grid_Stability to finish
2024-12-05 11:34:47,112 - Capture has started
2024-12-05 11:34:47,127 - Actual testing has started
2024-12-05 11:37:57,432 - logger_b_path: Grid_Stability/Voltages_Results/Average_day/0.2MVA/Optimized/logger.log
2024-12-05 11:37:57,432 - Load_path: Grid_Stability/Database/Average_day/5MVA/Residual_load.csv
2024-12-05 11:37:57,432 - model_path: docs/Typhoon/Faster/Residual_load_typhoon.tse
2024-12-05 11:37:57,432 - capture_rate: 900
2024-12-05 11:37:57,433 - Folder_name: Grid_Stability/Voltages_Results/Average_day/0.2MVA/Optimized/
2024-12-05 11:37:57,433 - Column_Load: Residual_Optimized
2024-12-05 11:37:57,433 - Loop_step_time: 0.9800208333333332
2024-12-05 11:37:59,557 - HIL402 2 device is used
2024-12-05 11:38:24,180 - Simulation of the model has started.
2024-12-05 11:38:24,182 - Test : Grid_Stability
2024-12-05 11:38:24,182 - test_time : 96
2024-12-05 11:38:24,183 - It will take approximately 96 seconds for the test Grid_Stability to finish
2024-12-05 11:38:26,203 - Capture has started
2024-12-05 11:38:26,218 - Actual testing has started
2024-12-05 11:40:02,172 - Loop Ended
2024-12-05 11:40:03,846 - Test has finished
