2024-12-02 10:56:07,423 - logger_a_path: Grid_Stability/Voltages_Results/1MVA/Actual/Summer/logger.log
2024-12-02 10:56:07,424 - Load_path: Grid_Stability/Database/1MVA/Summer/Residual_load.csv
2024-12-02 10:56:07,424 - model_path: docs/Typhoon/Faster/Residual_load_typhoon.tse
2024-12-02 10:56:07,424 - capture_rate: 900
2024-12-02 10:56:07,424 - Folder_name: Grid_Stability/Voltages_Results/1MVA/Actual/Summer/
2024-12-02 10:56:07,425 - Column_Load: Residual_Actual
2024-12-02 10:56:07,425 - Loop_step_time: 0.9800208333333332
2024-12-02 10:56:09,633 - HIL402 2 device is used
2024-12-02 10:56:35,952 - Simulation of the model has started.
2024-12-02 10:56:35,955 - Test : Grid_Stability
2024-12-02 10:56:35,955 - test_time : 96
2024-12-02 10:56:35,956 - It will take approximately 96 seconds for the test Grid_Stability to finish
2024-12-02 10:56:37,976 - Capture has started
2024-12-02 10:56:37,993 - Actual testing has started
2024-12-02 10:58:13,954 - Loop Ended
2024-12-02 10:58:15,634 - Test has finished
2024-12-02 10:58:15,636 - logger_b_path: Grid_Stability/Voltages_Results/1MVA/Optimized/Summer/logger.log
2024-12-02 10:58:15,637 - Load_path: Grid_Stability/Database/1MVA/Summer/Residual_load.csv
2024-12-02 10:58:15,637 - model_path: docs/Typhoon/Faster/Residual_load_typhoon.tse
2024-12-02 10:58:15,638 - capture_rate: 900
2024-12-02 10:58:15,638 - Folder_name: Grid_Stability/Voltages_Results/1MVA/Optimized/Summer/
2024-12-02 10:58:15,638 - Column_Load: Residual_Optimized
2024-12-02 10:58:15,639 - Loop_step_time: 0.9800208333333332
2024-12-02 10:58:17,834 - HIL402 2 device is used
2024-12-02 10:58:44,026 - Simulation of the model has started.
2024-12-02 10:58:44,029 - Test : Grid_Stability
2024-12-02 10:58:44,029 - test_time : 96
2024-12-02 10:58:44,030 - It will take approximately 96 seconds for the test Grid_Stability to finish
2024-12-02 10:58:46,051 - Capture has started
2024-12-02 10:58:46,065 - Actual testing has started
2024-12-02 11:00:22,012 - Loop Ended
2024-12-02 11:00:23,725 - Test has finished
