2024-12-02 11:17:27,844 - logger_b_path: Grid_Stability/Results/Average_day/5MVA/Optimized/logger.log
2024-12-02 11:17:27,844 - Load_path: Grid_Stability/Database/Average_inputs.csv
2024-12-02 11:17:27,844 - PV_path: Grid_Stability/Database/Average_inputs.csv
2024-12-02 11:17:27,845 - model_path: docs/Typhoon/Faster/Digital_twin_grid_stability_PV_constant_Load.tse
2024-12-02 11:17:27,845 - Initial_battery_SOC: 0
2024-12-02 11:17:27,845 - Control_Mode: 1
2024-12-02 11:17:27,846 - Max_SOC: 100
2024-12-02 11:17:27,846 - Min_SOC: 0
2024-12-02 11:17:27,846 - capture_rate: 900
2024-12-02 11:17:27,848 - Folder_name: Grid_Stability/Results/Average_day/5MVA/Optimized/
2024-12-02 11:17:27,848 - Column_Load: Load_average_optimized
2024-12-02 11:17:27,849 - Column_PV: PV_average
2024-12-02 11:17:27,849 - Loop_step_time: 0.9800208333333332
2024-12-02 11:17:32,748 - HIL402 2 device is used
2024-12-02 11:18:08,412 - Simulation of the model has started.
2024-12-02 11:18:08,416 - Test : Grid_Stability
2024-12-02 11:18:08,417 - test_time : 96
2024-12-02 11:18:08,417 - It will take approximately 96 seconds for the test Grid_Stability to finish
2024-12-02 11:18:10,438 - Capture has started
2024-12-02 11:18:10,462 - Actual testing has started
2024-12-02 11:19:46,504 - Loop Ended
2024-12-02 11:19:49,465 - Test has finished
